<html>
<body>
<pre>
<h1>µVision Build Log</h1>
<h2>Tool Versions:</h2>
IDE-Version: µVision V5.21.1.0
Copyright (C) 2016 ARM Ltd and ARM Germany GmbH. All rights reserved.
License Information: Alex Lepotenko, ZPM, LIC=----
 
Tool Versions:
Toolchain:       MDK-Lite  Version: 5.21a
Toolchain Path:  C:\Keil_v5\ARM\ARMCC\Bin
C Compiler:      Armcc.exe V5.06 update 3 (build 300)
Assembler:       Armasm.exe V5.06 update 3 (build 300)
Linker/Locator:  ArmLink.exe V5.06 update 3 (build 300)
Library Manager: ArmAr.exe V5.06 update 3 (build 300)
Hex Converter:   FromElf.exe V5.06 update 3 (build 300)
CPU DLL:         SARMCM3.DLL V5.21a
Dialog DLL:      DCM.DLL V1.13.8.0
Target DLL:      STLink\ST-LINKIII-KEIL_SWO.dll V2.0.18.0
Dialog DLL:      TCM.DLL V1.14.14.0
 
<h2>Project:</h2>
D:\Lesson_STM32\Less6 (LCD)\MDK-ARM\Less_6-LCD.uvprojx
Project File Date:  01/24/2017

<h2>Output:</h2>
*** Using Compiler 'V5.06 update 3 (build 300)', folder: 'C:\Keil_v5\ARM\ARMCC\Bin'
Build target 'Less_6-LCD'
compiling main.c...
../Src/main.c(81): warning:  #223-D: function "LCD_ini" declared implicitly
     LCD_ini();
../Src/main.c(90): warning:  #223-D: function "LCD_GOTOXY" declared implicitly
  		LCD_GOTOXY(2,0);
../Src/main.c(91): warning:  #223-D: function "LCD_printstring" declared implicitly
  		LCD_printstring("Second Count=");
../Src/main.c(94): warning:  #223-D: function "LCD_printchar" declared implicitly
  		LCD_printchar((char)((i/100)%10)+0x30);
../Src/main.c(100): warning:  #223-D: function "LCD_clear" declared implicitly
  		LCD_clear();
../Src/main.c: 5 warnings, 0 errors
linking...
Program Size: Code=3520 RO-data=440 RW-data=8 ZI-data=1024  
"Less_6-LCD\Less_6-LCD.axf" - 0 Error(s), 5 Warning(s).

<h2>Software Packages used:</h2>

Package Vendor: ARM
                http://www.keil.com/pack/ARM.CMSIS.4.5.0.pack
                ARM::CMSIS:CORE:4.3.0
                CMSIS (Cortex Microcontroller Software Interface Standard)
   * Component: CORE Version: 4.3.0

<h2>Collection of Component include folders:</h2>
  D:\Lesson_STM32\Less6 (LCD)\MDK-ARM\RTE
  C:\Keil_v5\ARM\PACK\ARM\CMSIS\4.5.0\CMSIS\Include
  C:\Keil_v5\ARM\PACK\Keil\STM32F4xx_DFP\2.10.0\Drivers\CMSIS\Device\ST\STM32F4xx\Include

<h2>Collection of Component Files used:</h2>

   * Component: ARM::CMSIS:CORE:4.3.0
Build Time Elapsed:  00:00:04
</pre>
</body>
</html>
